---
source: tests/integration.rs
expression: output
---
x: 4
y: 5
y: 1
