---
source: tests/integration.rs
expression: output
---
ERROR sol: type error: expected Bool but got I64
