---
source: tests/integration.rs
expression: output
---
x: 1
z: 4
y: 4
