---
source: tests/integration.rs
expression: output
---
1
2
