---
source: tests/integration.rs
expression: output
---
ERROR sol: type error: function not found with name 'test'
