---
source: tests/integration.rs
expression: output
---
ERROR plrs: type error: expected Bool but got I64
