---
source: tests/integration.rs
expression: output
---
boolean constant else if
