---
source: tests/integration.rs
expression: output
---
pass
pass 2
ERROR plrs: no function matching name 'nested3' found
