---
source: tests/integration.rs
expression: output
---
ERROR sol: type error: expected String but got I64
