---
source: tests/integration.rs
expression: output
---
["{\"x\": \"1\"}", "nil"]
