---
source: tests/integration.rs
expression: output
---
error: mutation not allowed for variable `x`
