---
source: tests/integration.rs
expression: output
---
pass
