---
source: tests/integration.rs
expression: output
---
error: unexpected token
  ┌─ tests/files/fail/fail_parsing.sol:1:10
  │
1 │ fn test( {
  │          ^ expected `Identifier`, got `OpenBrace`
