---
source: tests/integration.rs
expression: output
---
ERROR plrs: type error: function not found with name 'test'
