---
source: tests/integration.rs
expression: output
---
thread 'main' panicked at src/vm/mod.rs:268:21:
internal error: entered unreachable code
note: run with `RUST_BACKTRACE=1` environment variable to display a backtrace
