---
source: tests/integration.rs
expression: output
---
test
test2
