---
source: tests/integration.rs
expression: output
---
x: 1
x: 2
x: 3
