---
source: tests/vm.rs
expression: register_state
---
Ok([Empty, Literal(Boolean(true)), Literal(Boolean(false)), Empty, Empty, Empty, Empty, Empty, Empty, Empty, Empty, Empty, Empty, Empty, Empty, Empty, Empty, Empty, Empty, Empty, Empty, Empty, Empty, Empty, Empty, Empty, Empty, Empty, Empty, Empty, Empty, Empty, Empty, Empty, Empty, Empty, Empty, Empty, Empty, Empty, Empty, Empty, Empty, Empty, Empty, Empty, Empty, Empty, Empty, Empty, Empty, Empty, Empty, Empty, Empty, Empty, Empty, Empty, Empty, Empty, Empty, Empty, Empty, Empty, Empty, Empty, Empty, Empty, Empty, Empty, Empty, Empty, Empty, Empty, Empty, Empty, Empty, Empty, Empty, Empty, Empty, Empty, Empty, Empty, Empty, Empty, Empty, Empty, Empty, Empty, Empty, Empty, Empty, Empty, Empty, Empty, Empty, Empty, Empty, Empty, Empty, Empty, Empty, Empty, Empty, Empty, Empty, Empty, Empty, Empty, Empty, Empty, Empty, Empty, Empty, Empty, Empty, Empty, Empty, Empty, Empty, Empty, Empty, Empty, Empty, Empty, Empty, Empty, Empty, Empty, Empty, Empty, Empty, Empty, Empty, Empty, Empty, Empty, Empty, Empty, Empty, Empty, Empty, Empty, Empty, Empty, Empty, Empty, Empty, Empty, Empty, Empty, Empty, Empty, Empty, Empty, Empty, Empty, Empty, Empty, Empty, Empty, Empty, Empty, Empty, Empty, Empty, Empty, Empty, Empty, Empty, Empty, Empty, Empty, Empty, Empty, Empty, Empty, Empty, Empty, Empty, Empty, Empty, Empty, Empty, Empty, Empty, Empty, Empty, Empty, Empty, Empty, Empty, Empty, Empty, Empty, Empty, Empty, Empty, Empty, Empty, Empty, Empty, Empty, Empty, Empty, Empty, Empty, Empty, Empty, Empty, Empty, Empty, Empty, Empty, Empty, Empty, Empty, Empty, Empty, Empty, Empty, Empty, Empty, Empty, Empty, Empty, Empty, Empty, Empty, Empty, Empty, Empty, Empty, Empty, Empty, Empty, Empty, Empty, Empty, Empty, Empty, Empty, Empty, Empty, Empty, Empty, Empty, Empty, Empty, Empty, Empty, Empty, Empty, Empty])
