---
source: tests/vm.rs
expression: register_state
---
Ok([Empty, Literal(Integer(4)), Literal(Integer(4)), Literal(Integer(3)), Literal(Boolean(true)), Literal(String("exit loop")), Literal(String("exit loop")), Literal(String("print")), Empty, Literal(Integer(1)), Literal(Integer(4)), Literal(Integer(4)), Literal(String("print")), Empty, Literal(Integer(3)), Literal(Boolean(true)), Literal(String("exit loop")), Literal(String("exit loop")), Literal(String("print")), Empty, Literal(Integer(1)), Literal(Integer(4)), Literal(Integer(4)), Literal(String("print")), Empty, Empty, Empty, Empty, Empty, Empty, Empty, Empty, Empty, Empty, Empty, Empty, Empty, Empty, Empty, Empty, Empty, Empty, Empty, Empty, Empty, Empty, Empty, Empty, Empty, Empty, Empty, Empty, Empty, Empty, Empty, Empty, Empty, Empty, Empty, Empty, Empty, Empty, Empty, Empty, Empty, Empty, Empty, Empty, Empty, Empty, Empty, Empty, Empty, Empty, Empty, Empty, Empty, Empty, Empty, Empty, Empty, Empty, Empty, Empty, Empty, Empty, Empty, Empty, Empty, Empty, Empty, Empty, Empty, Empty, Empty, Empty, Empty, Empty, Empty, Empty, Empty, Empty, Empty, Empty, Empty, Empty, Empty, Empty, Empty, Empty, Empty, Empty, Empty, Empty, Empty, Empty, Empty, Empty, Empty, Empty, Empty, Empty, Empty, Empty, Empty, Empty, Empty, Empty, Empty, Empty, Empty, Empty, Empty, Empty, Empty, Empty, Empty, Empty, Empty, Empty, Empty, Empty, Empty, Empty, Empty, Empty, Empty, Empty, Empty, Empty, Empty, Empty, Empty, Empty, Empty, Empty, Empty, Empty, Empty, Empty, Empty, Empty, Empty, Empty, Empty, Empty, Empty, Empty, Empty, Empty, Empty, Empty, Empty, Empty, Empty, Empty, Empty, Empty, Empty, Empty, Empty, Empty, Empty, Empty, Empty, Empty, Empty, Empty, Empty, Empty, Empty, Empty, Empty, Empty, Empty, Empty, Empty, Empty, Empty, Empty, Empty, Empty, Empty, Empty, Empty, Empty, Empty, Empty, Empty, Empty, Empty, Empty, Empty, Empty, Empty, Empty, Empty, Empty, Empty, Empty, Empty, Empty, Empty, Empty, Empty, Empty, Empty, Empty, Empty, Empty, Empty, Empty, Empty, Empty, Empty, Empty, Empty, Empty, Empty, Empty, Empty, Empty, Empty, Empty, Empty, Empty, Empty, Empty, Empty, Empty, Empty, Empty, Empty, Empty, Empty])
