---
source: tests/vm.rs
expression: register_state
---
Ok([Empty, Literal(String("test")), Literal(Boolean(true)), Literal(String("pass")), Literal(String("pass")), Literal(String("print")), Empty, Empty, Empty, Empty, Empty, Empty, Empty, Empty, Empty, Empty, Empty, Empty, Empty, Empty, Empty, Empty, Empty, Empty, Empty, Empty, Empty, Empty, Empty, Empty, Empty, Empty, Empty, Empty, Empty, Empty, Empty, Empty, Empty, Empty, Empty, Empty, Empty, Empty, Empty, Empty, Empty, Empty, Empty, Empty, Empty, Empty, Empty, Empty, Empty, Empty, Empty, Empty, Empty, Empty, Empty, Empty, Empty, Empty, Empty, Empty, Empty, Empty, Empty, Empty, Empty, Empty, Empty, Empty, Empty, Empty, Empty, Empty, Empty, Empty, Empty, Empty, Empty, Empty, Empty, Empty, Empty, Empty, Empty, Empty, Empty, Empty, Empty, Empty, Empty, Empty, Empty, Empty, Empty, Empty, Empty, Empty, Empty, Empty, Empty, Empty, Empty, Empty, Empty, Empty, Empty, Empty, Empty, Empty, Empty, Empty, Empty, Empty, Empty, Empty, Empty, Empty, Empty, Empty, Empty, Empty, Empty, Empty, Empty, Empty, Empty, Empty, Empty, Empty, Empty, Empty, Empty, Empty, Empty, Empty, Empty, Empty, Empty, Empty, Empty, Empty, Empty, Empty, Empty, Empty, Empty, Empty, Empty, Empty, Empty, Empty, Empty, Empty, Empty, Empty, Empty, Empty, Empty, Empty, Empty, Empty, Empty, Empty, Empty, Empty, Empty, Empty, Empty, Empty, Empty, Empty, Empty, Empty, Empty, Empty, Empty, Empty, Empty, Empty, Empty, Empty, Empty, Empty, Empty, Empty, Empty, Empty, Empty, Empty, Empty, Empty, Empty, Empty, Empty, Empty, Empty, Empty, Empty, Empty, Empty, Empty, Empty, Empty, Empty, Empty, Empty, Empty, Empty, Empty, Empty, Empty, Empty, Empty, Empty, Empty, Empty, Empty, Empty, Empty, Empty, Empty, Empty, Empty, Empty, Empty, Empty, Empty, Empty, Empty, Empty, Empty, Empty, Empty, Empty, Empty, Empty, Empty, Empty, Empty, Empty, Empty, Empty, Empty, Empty, Empty, Empty, Empty, Empty, Empty, Empty])
